#-----------------------------------------------------------
# Vivado v2016.4 (64-bit)
# SW Build 1756540 on Mon Jan 23 19:11:23 MST 2017
# IP Build 1755317 on Mon Jan 23 20:30:07 MST 2017
# Start of session at: Tue May 02 17:36:11 2017
# Process ID: 1116
# Current directory: C:/Users/catal/Porject
# Command line: vivado.exe -gui_launcher_event rodinguilauncherevent11612 C:\Users\catal\Porject\Porject.xpr
# Log file: C:/Users/catal/Porject/vivado.log
# Journal file: C:/Users/catal/Porject\vivado.jou
#-----------------------------------------------------------
start_gui
open_project C:/Users/catal/Porject/Porject.xpr
close [ open C:/Users/catal/Porject/Porject.srcs/sources_1/new/deplasareStanga.vhd w ]
add_files C:/Users/catal/Porject/Porject.srcs/sources_1/new/deplasareStanga.vhd
open_project D:/Facultate/An3S2/SSC/lab/LabSSC/booth/booth.xpr
current_project Porject
remove_files  C:/Users/catal/Porject/Porject.srcs/sources_1/new/deplasareStanga.vhd
file delete -force C:/Users/catal/Porject/Porject.srcs/sources_1/new/deplasareStanga.vhd
close [ open C:/Users/catal/Porject/Porject.srcs/sources_1/new/adunareMantise.vhd w ]
add_files C:/Users/catal/Porject/Porject.srcs/sources_1/new/adunareMantise.vhd
close [ open C:/Users/catal/Porject/Porject.srcs/sources_1/new/deplasareStanga.vhd w ]
add_files C:/Users/catal/Porject/Porject.srcs/sources_1/new/deplasareStanga.vhd
current_project booth
current_project Porject
remove_files  {C:/Users/catal/Porject/Porject.srcs/sources_1/new/deplasareStanga.vhd C:/Users/catal/Porject/Porject.srcs/sources_1/new/deplasareMantisaDreapta.vhd}
file delete -force C:/Users/catal/Porject/Porject.srcs/sources_1/new/deplasareStanga.vhd C:/Users/catal/Porject/Porject.srcs/sources_1/new/deplasareMantisaDreapta.vhd
close [ open C:/Users/catal/Porject/Porject.srcs/sources_1/new/deplasareMantisa.v w ]
add_files C:/Users/catal/Porject/Porject.srcs/sources_1/new/deplasareMantisa.v
remove_files  C:/Users/catal/Porject/Porject.srcs/sources_1/new/deplasareMantisa.v
file delete -force C:/Users/catal/Porject/Porject.srcs/sources_1/new/deplasareMantisa.v
close [ open C:/Users/catal/Porject/Porject.srcs/sources_1/new/deplasareMantisa.vhd w ]
add_files C:/Users/catal/Porject/Porject.srcs/sources_1/new/deplasareMantisa.vhd
set_property SOURCE_SET sources_1 [get_filesets sim_1]
close [ open C:/Users/catal/Porject/Porject.srcs/sim_1/new/deplasareMantisa_sim.vhd w ]
add_files -fileset sim_1 C:/Users/catal/Porject/Porject.srcs/sim_1/new/deplasareMantisa_sim.vhd
remove_files  -fileset sim_1 C:/Users/catal/Porject/Porject.srcs/sim_1/new/deplasareDreapta_SIM.vhd
file delete -force C:/Users/catal/Porject/Porject.srcs/sim_1/new/deplasareDreapta_SIM.vhd
# Disabling source management mode.  This is to allow the top design properties to be set without GUI intervention.
set_property source_mgmt_mode None [current_project]
set_property top deplasareMantisa_sim [get_filesets sim_1]
set_property top_lib xil_defaultlib [get_filesets sim_1]
# Re-enabling previously disabled source management mode.
set_property source_mgmt_mode All [current_project]
launch_simulation
source deplasareMantisa_sim.tcl
close_sim
launch_simulation
source deplasareMantisa_sim.tcl
relaunch_sim
relaunch_sim
relaunch_sim
relaunch_sim
relaunch_sim
relaunch_sim
relaunch_sim
relaunch_sim
relaunch_sim
close_sim
launch_simulation
source deplasareMantisa_sim.tcl
relaunch_sim
relaunch_sim
relaunch_sim
relaunch_sim
relaunch_sim
relaunch_sim
relaunch_sim
relaunch_sim
relaunch_sim
relaunch_sim
close_sim
set_property SOURCE_SET sources_1 [get_filesets sim_1]
close [ open C:/Users/catal/Porject/Porject.srcs/sim_1/new/calculExponent.vhd w ]
add_files -fileset sim_1 C:/Users/catal/Porject/Porject.srcs/sim_1/new/calculExponent.vhd
remove_files  -fileset sim_1 C:/Users/catal/Porject/Porject.srcs/sim_1/new/decrementareExponent_SIM.vhd
file delete -force C:/Users/catal/Porject/Porject.srcs/sim_1/new/decrementareExponent_SIM.vhd
remove_files  {C:/Users/catal/Porject/Porject.srcs/sources_1/new/adunareMantise.vhd C:/Users/catal/Porject/Porject.srcs/sources_1/new/decrementareExponent.vhd}
file delete -force C:/Users/catal/Porject/Porject.srcs/sources_1/new/adunareMantise.vhd C:/Users/catal/Porject/Porject.srcs/sources_1/new/decrementareExponent.vhd
remove_files  -fileset sim_1 C:/Users/catal/Porject/Porject.srcs/sim_1/new/calculExponent.vhd
file delete -force C:/Users/catal/Porject/Porject.srcs/sim_1/new/calculExponent.vhd
close [ open C:/Users/catal/Porject/Porject.srcs/sources_1/new/calculExponent.vhd w ]
add_files C:/Users/catal/Porject/Porject.srcs/sources_1/new/calculExponent.vhd
set_property SOURCE_SET sources_1 [get_filesets sim_1]
close [ open C:/Users/catal/Porject/Porject.srcs/sim_1/new/calculExponent_sim.vhd w ]
add_files -fileset sim_1 C:/Users/catal/Porject/Porject.srcs/sim_1/new/calculExponent_sim.vhd
# Disabling source management mode.  This is to allow the top design properties to be set without GUI intervention.
set_property source_mgmt_mode None [current_project]
set_property top calculExponent_sim [get_filesets sim_1]
set_property top_lib xil_defaultlib [get_filesets sim_1]
# Re-enabling previously disabled source management mode.
set_property source_mgmt_mode All [current_project]
launch_simulation
launch_simulation
launch_simulation
source calculExponent_sim.tcl
close_sim
launch_simulation
source calculExponent_sim.tcl
close_sim
launch_simulation
source calculExponent_sim.tcl
relaunch_sim
close_sim
launch_simulation
source calculExponent_sim.tcl
close_sim
launch_simulation
source calculExponent_sim.tcl
close_sim
launch_simulation
source calculExponent_sim.tcl
relaunch_sim
close_sim
launch_simulation
launch_simulation
source calculExponent_sim.tcl
close_sim
launch_simulation
source calculExponent_sim.tcl
close_sim
launch_simulation
source calculExponent_sim.tcl
relaunch_sim
close_sim
launch_simulation
source calculExponent_sim.tcl
relaunch_sim
relaunch_sim
relaunch_sim
close_sim
close [ open C:/Users/catal/Porject/Porject.srcs/sources_1/new/calculMantisa.vhd w ]
add_files C:/Users/catal/Porject/Porject.srcs/sources_1/new/calculMantisa.vhd
launch_simulation
source calculExponent_sim.tcl
relaunch_sim
close_sim
launch_simulation
source calculExponent_sim.tcl
close_sim
launch_simulation
source calculExponent_sim.tcl
relaunch_sim
relaunch_sim
relaunch_sim
close_sim
# Disabling source management mode.  This is to allow the top design properties to be set without GUI intervention.
set_property source_mgmt_mode None [current_project]
set_property top deplasareMantisa_sim [get_filesets sim_1]
set_property top_lib xil_defaultlib [get_filesets sim_1]
# Re-enabling previously disabled source management mode.
set_property source_mgmt_mode All [current_project]
launch_simulation
source deplasareMantisa_sim.tcl
close_sim
launch_simulation
source deplasareMantisa_sim.tcl
close_sim
set_property SOURCE_SET sources_1 [get_filesets sim_1]
close [ open C:/Users/catal/Porject/Porject.srcs/sim_1/new/calculMantisa_sim.vhd w ]
add_files -fileset sim_1 C:/Users/catal/Porject/Porject.srcs/sim_1/new/calculMantisa_sim.vhd
# Disabling source management mode.  This is to allow the top design properties to be set without GUI intervention.
set_property source_mgmt_mode None [current_project]
set_property top calculMantisa_sim [get_filesets sim_1]
set_property top_lib xil_defaultlib [get_filesets sim_1]
# Re-enabling previously disabled source management mode.
set_property source_mgmt_mode All [current_project]
launch_simulation
source calculMantisa_sim.tcl
current_project booth
close_project
close_sim
